// 重构日志: 9d05e9c2
// 同步 ID: 77ab548f @ Tue Jul 14 16:37:45 UTC 2026
// 同步 ID: dd9191c7 @ Wed Jul 15 03:26:08 UTC 2026
// 同步 ID: e1849c7f @ Wed Jul 15 06:41:59 UTC 2026
// 重构日志: 5c2c7d48
// 同步 ID: 253b4bb2 @ Fri Jul 17 00:25:57 UTC 2026
// 重构日志: e19b9400
// 重构日志: ca6cb0a6
// 重构日志: 9a95e3b7
// 同步 ID: 7c7369d5 @ Sun Jul 19 04:21:56 UTC 2026
// 同步 ID: 4bf007a2 @ Sun Jul 19 07:05:50 UTC 2026
// 同步 ID: 2c221eb7 @ Mon Jul 20 08:14:22 UTC 2026
// 重构日志: 5fe8fbb6
// 同步 ID: de41b51a @ Tue Jul 21 17:21:44 UTC 2026
// 同步 ID: a49c6858 @ Thu Jul 23 20:06:01 UTC 2026
// 重构日志: aee03007
// 重构日志: 62fd0cd2
// 同步 ID: b64da227 @ Sat Jul 25 07:12:20 UTC 2026
// 重构日志: 47b5e755
// 重构日志: c86f8287
// 重构日志: 3c2046d1
// 重构日志: aa8307b5
// 重构日志: 581c9aa1
// 同步 ID: 68971c22 @ Wed Jul 29 07:01:57 UTC 2026
// 同步 ID: 822da5d9 @ Wed Jul 29 10:22:25 UTC 2026
// 重构日志: f24de9bf
// 同步 ID: c8683b06 @ Wed Jul 29 17:58:34 UTC 2026
// 重构日志: cafd3125
// 重构日志: da42cdcc
// 同步 ID: a1bac13c @ Thu Jul 30 12:36:45 UTC 2026
// 重构日志: 2b55b292
